Found Conan version 2.26.0
Adding ConanCenter remote...

Installing dependencies via Conan...

Configuring CMake...
-- Using Conan toolchain: E:/Nutmeg/Nutmeg/build/conan_toolchain.cmake
-- Conan toolchain: CMAKE_GENERATOR_TOOLSET=v143
-- Conan toolchain: Setting CMAKE_MSVC_RUNTIME_LIBRARY=$<$<CONFIG:Release>:MultiThreadedDLL>
-- Conan toolchain: C++ Standard 14 with extensions OFF
-- Selecting Windows SDK version 10.0.26100.0 to target Windows 10.0.19045.
-- Conan: Component target declared 'GLEW::glew_s'
-- Conan: Target declared 'GLEW::GLEW'
-- Conan: Target declared 'glu::glu'
-- Conan: Target declared 'opengl::opengl'
-- Configuring done (0.4s)
-- Generating done (0.2s)
-- Build files have been written to: E:/Nutmeg/Nutmeg/build

Building...
MSBuild version 17.11.2+c078802d4 for .NET Framework

  Newton.vcxproj -> E:\Nutmeg\Nutmeg\build\Release\Newton.lib
  NutmegCore.vcxproj -> E:\Nutmeg\Nutmeg\build\Release\NutmegCore.dll
  NutmegLib.vcxproj -> E:\Nutmeg\Nutmeg\build\Release\NutmegLib.lib
EntityActor.obj : error LNK2019: unresolved external symbol "float __cdecl Nutmeg::dot(class Nutmeg::vec3 const &,class Nutmeg::vec3 const &)" (?dot@Nutmeg@@YAMAEBVvec3@1@0@Z) referenced in function "private: void __cdecl Nutmeg::EntityActor::calculateState(void)" (?calculateState@EntityActor@Nutmeg@@AEAAXXZ) [E:\Nutmeg\Nutmeg\build\Samples\Boets\Boets.vcxproj]
EntityActor.obj : error LNK2019: unresolved external symbol "class Nutmeg::vec3 __cdecl Nutmeg::cross(class Nutmeg::vec3 const &,class Nutmeg::vec3 const &)" (?cross@Nutmeg@@YA?AVvec3@1@AEBV21@0@Z) referenced in function "private: void __cdecl Nutmeg::EntityActor::calculateState(void)" (?calculateState@EntityActor@Nutmeg@@AEAAXXZ) [E:\Nutmeg\Nutmeg\build\Samples\Boets\Boets.vcxproj]
EntityActor.obj : error LNK2019: unresolved external symbol "class Nutmeg::vec3 __cdecl Nutmeg::normalize(class Nutmeg::vec3 const &)" (?normalize@Nutmeg@@YA?AVvec3@1@AEBV21@@Z) referenced in function "private: void __cdecl Nutmeg::EntityActor::calculateState(void)" (?calculateState@EntityActor@Nutmeg@@AEAAXXZ) [E:\Nutmeg\Nutmeg\build\Samples\Boets\Boets.vcxproj]
EntityActor.obj : error LNK2019: unresolved external symbol "public: void __cdecl Nutmeg::Scene::restore(void)" (?restore@Scene@Nutmeg@@QEAAXXZ) referenced in function "protected: virtual void __cdecl Nutmeg::EntityActor::onKeyDown(int)" (?onKeyDown@EntityActor@Nutmeg@@MEAAXH@Z) [E:\Nutmeg\Nutmeg\build\Samples\Boets\Boets.vcxproj]
EntityActor.obj : error LNK2019: unresolved external symbol "public: class Nutmeg::PhysicsWorld & __cdecl Nutmeg::Scene::getPhysicsWorld(void)" (?getPhysicsWorld@Scene@Nutmeg@@QEAAAEAVPhysicsWorld@2@XZ) referenced in function "protected: virtual void __cdecl Nutmeg::EntityActor::onCreate(void)" (?onCreate@EntityActor@Nutmeg@@MEAAXXZ) [E:\Nutmeg\Nutmeg\build\Samples\Boets\Boets.vcxproj]
main.obj : error LNK2001: unresolved external symbol "public: class Nutmeg::PhysicsWorld & __cdecl Nutmeg::Scene::getPhysicsWorld(void)" (?getPhysicsWorld@Scene@Nutmeg@@QEAAAEAVPhysicsWorld@2@XZ) [E:\Nutmeg\Nutmeg\build\Samples\Boets\Boets.vcxproj]
EntityActor.obj : error LNK2019: unresolved external symbol "public: void __cdecl Nutmeg::Scene::setActiveCamera(class Nutmeg::CameraNode *)" (?setActiveCamera@Scene@Nutmeg@@QEAAXPEAVCameraNode@2@@Z) referenced in function "protected: virtual void __cdecl Nutmeg::EntityActor::onCreate(void)" (?onCreate@EntityActor@Nutmeg@@MEAAXXZ) [E:\Nutmeg\Nutmeg\build\Samples\Boets\Boets.vcxproj]
main.obj : error LNK2019: unresolved external symbol "public: int __cdecl Nutmeg::Scene::getNodesCount(void)const " (?getNodesCount@Scene@Nutmeg@@QEBAHXZ) referenced in function "public: virtual void __cdecl Nutmeg::BoetsApp::onRender(void)" (?onRender@BoetsApp@Nutmeg@@UEAAXXZ) [E:\Nutmeg\Nutmeg\build\Samples\Boets\Boets.vcxproj]
main.obj : error LNK2019: unresolved external symbol "public: static enum Nutmeg::NodeType __cdecl Nutmeg::ParticleSystemNode::getStaticType(void)" (?getStaticType@ParticleSystemNode@Nutmeg@@SA?AW4NodeType@2@XZ) referenced in function "public: class Nutmeg::ParticleSystemNode * __cdecl Nutmeg::EntityNode::getEntityNode<class Nutmeg::ParticleSystemNode>(char const *)" (??$getEntityNode@VParticleSystemNode@Nutmeg@@@EntityNode@Nutmeg@@QEAAPEAVParticleSystemNode@1@PEBD@Z) [E:\Nutmeg\Nutmeg\build\Samples\Boets\Boets.vcxproj]
main.obj : error LNK2019: unresolved external symbol "public: void __cdecl Nutmeg::ParticleSystemNode::setGrowth(float,float)" (?setGrowth@ParticleSystemNode@Nutmeg@@QEAAXMM@Z) referenced in function "protected: virtual void __cdecl Nutmeg::EntityWeaponRpg::onCreate(void)" (?onCreate@EntityWeaponRpg@Nutmeg@@MEAAXXZ) [E:\Nutmeg\Nutmeg\build\Samples\Boets\Boets.vcxproj]
main.obj : error LNK2019: unresolved external symbol "public: float __cdecl Nutmeg::ParticleSystemNode::getSpawnRate(void)const " (?getSpawnRate@ParticleSystemNode@Nutmeg@@QEBAMXZ) referenced in function "protected: virtual void __cdecl Nutmeg::EntityWeaponRpgRocket::onCreate(void)" (?onCreate@EntityWeaponRpgRocket@Nutmeg@@MEAAXXZ) [E:\Nutmeg\Nutmeg\build\Samples\Boets\Boets.vcxproj]
main.obj : error LNK2019: unresolved external symbol "public: void __cdecl Nutmeg::ParticleSystemNode::setSpawnRate(float,bool)" (?setSpawnRate@ParticleSystemNode@Nutmeg@@QEAAXM_N@Z) referenced in function "protected: virtual bool __cdecl Nutmeg::EntityBulletRifle::onBulletEndLife(void)" (?onBulletEndLife@EntityBulletRifle@Nutmeg@@MEAA_NXZ) [E:\Nutmeg\Nutmeg\build\Samples\Boets\Boets.vcxproj]
main.obj : error LNK2019: unresolved external symbol "public: void __cdecl Nutmeg::ParticleSystemNode::setLife(float,float)" (?setLife@ParticleSystemNode@Nutmeg@@QEAAXMM@Z) referenced in function "protected: virtual void __cdecl Nutmeg::EntityBulletRifle::onCreate(void)" (?onCreate@EntityBulletRifle@Nutmeg@@MEAAXXZ) [E:\Nutmeg\Nutmeg\build\Samples\Boets\Boets.vcxproj]
main.obj : error LNK2019: unresolved external symbol "public: void __cdecl Nutmeg::ParticleSystemNode::setSpeed(float,float,float)" (?setSpeed@ParticleSystemNode@Nutmeg@@QEAAXMMM@Z) referenced in function "protected: virtual void __cdecl Nutmeg::EntityWeaponRpg::onCreate(void)" (?onCreate@EntityWeaponRpg@Nutmeg@@MEAAXXZ) [E:\Nutmeg\Nutmeg\build\Samples\Boets\Boets.vcxproj]
main.obj : error LNK2019: unresolved external symbol "public: void __cdecl Nutmeg::ParticleSystemNode::setGravity(float)" (?setGravity@ParticleSystemNode@Nutmeg@@QEAAXM@Z) referenced in function "protected: virtual void __cdecl Nutmeg::EntityWeaponRifle::onCreate(void)" (?onCreate@EntityWeaponRifle@Nutmeg@@MEAAXXZ) [E:\Nutmeg\Nutmeg\build\Samples\Boets\Boets.vcxproj]
main.obj : error LNK2019: unresolved external symbol "public: class Nutmeg::Particle * __cdecl Nutmeg::ParticleSystemNode::emit(int,float)" (?emit@ParticleSystemNode@Nutmeg@@QEAAPEAVParticle@2@HM@Z) referenced in function "public: void __cdecl Nutmeg::EntityWeaponRpgRocket::explode(void)" (?explode@EntityWeaponRpgRocket@Nutmeg@@QEAAXXZ) [E:\Nutmeg\Nutmeg\build\Samples\Boets\Boets.vcxproj]
main.obj : error LNK2019: unresolved external symbol "public: int __cdecl Nutmeg::ParticleSystemNode::getParticlesCount(void)" (?getParticlesCount@ParticleSystemNode@Nutmeg@@QEAAHXZ) referenced in function "protected: virtual bool __cdecl Nutmeg::EntityBulletRifle::onBulletEndLife(void)" (?onBulletEndLife@EntityBulletRifle@Nutmeg@@MEAA_NXZ) [E:\Nutmeg\Nutmeg\build\Samples\Boets\Boets.vcxproj]
main.obj : error LNK2019: unresolved external symbol "__declspec(dllimport) public: void __cdecl Nutmeg::Integrator<class Nutmeg::vec3>::update(float)" (__imp_?update@?$Integrator@Vvec3@Nutmeg@@@Nutmeg@@QEAAXM@Z) referenced in function "protected: virtual bool __cdecl Nutmeg::EntityBullet::onUpdate(float)" (?onUpdate@EntityBullet@Nutmeg@@MEAA_NM@Z) [E:\Nutmeg\Nutmeg\build\Samples\Boets\Boets.vcxproj]
    Hint on symbols that are defined and could potentially match:
      "__declspec(dllimport) public: void __cdecl Nutmeg::Game::update(float)" (__imp_?update@Game@Nutmeg@@QEAAXM@Z)
      "__declspec(dllimport) public: bool __cdecl Nutmeg::Particle::update(float)" (__imp_?update@Particle@Nutmeg@@QEAA_NM@Z)
main.obj : error LNK2019: unresolved external symbol "__declspec(dllimport) public: class Nutmeg::vec3 __cdecl Nutmeg::Integrator<class Nutmeg::vec3>::getPosDelta(float)const " (__imp_?getPosDelta@?$Integrator@Vvec3@Nutmeg@@@Nutmeg@@QEBA?AVvec3@2@M@Z) referenced in function "protected: virtual bool __cdecl Nutmeg::EntityBullet::onUpdate(float)" (?onUpdate@EntityBullet@Nutmeg@@MEAA_NM@Z) [E:\Nutmeg\Nutmeg\build\Samples\Boets\Boets.vcxproj]
main.obj : error LNK2019: unresolved external symbol "__declspec(dllimport) public: __cdecl Nutmeg::Integrator<class Nutmeg::vec3>::Integrator<class Nutmeg::vec3>(void)" (__imp_??0?$Integrator@Vvec3@Nutmeg@@@Nutmeg@@QEAA@XZ) referenced in function "public: __cdecl Nutmeg::EntityBullet::EntityBullet(void)" (??0EntityBullet@Nutmeg@@QEAA@XZ) [E:\Nutmeg\Nutmeg\build\Samples\Boets\Boets.vcxproj]
E:\Nutmeg\Nutmeg\build\Release\Boets.exe : fatal error LNK1120: 19 unresolved externals [E:\Nutmeg\Nutmeg\build\Samples\Boets\Boets.vcxproj]
main.obj : error LNK2019: unresolved external symbol "float __cdecl Nutmeg::dot(class Nutmeg::vec3 const &,class Nutmeg::vec3 const &)" (?dot@Nutmeg@@YAMAEBVvec3@1@0@Z) referenced in function "protected: virtual void __cdecl Diablo::ComponentMoveTo::onUpdate(float)" (?onUpdate@ComponentMoveTo@Diablo@@MEAAXM@Z) [E:\Nutmeg\Nutmeg\build\Samples\DiabloRemix\DiabloRemix.vcxproj]
main.obj : error LNK2019: unresolved external symbol "class Nutmeg::vec3 __cdecl Nutmeg::cross(class Nutmeg::vec3 const &,class Nutmeg::vec3 const &)" (?cross@Nutmeg@@YA?AVvec3@1@AEBV21@0@Z) referenced in function "protected: virtual void __cdecl Diablo::ComponentMoveTo::onUpdate(float)" (?onUpdate@ComponentMoveTo@Diablo@@MEAAXM@Z) [E:\Nutmeg\Nutmeg\build\Samples\DiabloRemix\DiabloRemix.vcxproj]
main.obj : error LNK2019: unresolved external symbol "class Nutmeg::vec3 __cdecl Nutmeg::normalize(class Nutmeg::vec3 const &)" (?normalize@Nutmeg@@YA?AVvec3@1@AEBV21@@Z) referenced in function "protected: virtual void __cdecl Diablo::ComponentMoveTo::onUpdate(float)" (?onUpdate@ComponentMoveTo@Diablo@@MEAAXM@Z) [E:\Nutmeg\Nutmeg\build\Samples\DiabloRemix\DiabloRemix.vcxproj]
main.obj : error LNK2019: unresolved external symbol "public: int __cdecl Nutmeg::Scene::getNodesCount(void)const " (?getNodesCount@Scene@Nutmeg@@QEBAHXZ) referenced in function "public: virtual void __cdecl Nutmeg::BoetsApp::onRender(void)" (?onRender@BoetsApp@Nutmeg@@UEAAXXZ) [E:\Nutmeg\Nutmeg\build\Samples\DiabloRemix\DiabloRemix.vcxproj]
main.obj : error LNK2019: unresolved external symbol "public: void __cdecl Nutmeg::Scene::setActiveCamera(class Nutmeg::CameraNode *)" (?setActiveCamera@Scene@Nutmeg@@QEAAXPEAVCameraNode@2@@Z) referenced in function "protected: virtual void __cdecl Diablo::EntityPlayer::onCreate(void)" (?onCreate@EntityPlayer@Diablo@@MEAAXXZ) [E:\Nutmeg\Nutmeg\build\Samples\DiabloRemix\DiabloRemix.vcxproj]
E:\Nutmeg\Nutmeg\build\Release\DiabloRemix.exe : fatal error LNK1120: 5 unresolved externals [E:\Nutmeg\Nutmeg\build\Samples\DiabloRemix\DiabloRemix.vcxproj]
main.obj : error LNK2019: unresolved external symbol "public: int __cdecl Nutmeg::Scene::getNodesCount(void)const " (?getNodesCount@Scene@Nutmeg@@QEBAHXZ) referenced in function "public: virtual void __cdecl Nutmeg::EntitySampleApp::onRender(void)" (?onRender@EntitySampleApp@Nutmeg@@UEAAXXZ) [E:\Nutmeg\Nutmeg\build\Samples\EntitySample\EntitySample.vcxproj]
main.obj : error LNK2019: unresolved external symbol "public: void __cdecl Nutmeg::Scene::setActiveCamera(class Nutmeg::CameraNode *)" (?setActiveCamera@Scene@Nutmeg@@QEAAXPEAVCameraNode@2@@Z) referenced in function "protected: virtual void __cdecl Nutmeg::EntityPlayer::onActivate(void)" (?onActivate@EntityPlayer@Nutmeg@@MEAAXXZ) [E:\Nutmeg\Nutmeg\build\Samples\EntitySample\EntitySample.vcxproj]
E:\Nutmeg\Nutmeg\build\Release\EntitySample.exe : fatal error LNK1120: 2 unresolved externals [E:\Nutmeg\Nutmeg\build\Samples\EntitySample\EntitySample.vcxproj]
  NutmegAudio.vcxproj -> E:\Nutmeg\Nutmeg\build\Release\NutmegAudio.dll
  NutmegPhysics.vcxproj -> E:\Nutmeg\Nutmeg\build\Release\NutmegPhysics.dll
  NutmegPlatform.vcxproj -> E:\Nutmeg\Nutmeg\build\Release\NutmegPlatform.dll
RenderOpenGL1.obj : error LNK2019: unresolved external symbol "class Nutmeg::vec3 __cdecl Nutmeg::cross(class Nutmeg::vec3 const &,class Nutmeg::vec3 const &)" (?cross@Nutmeg@@YA?AVvec3@1@AEBV21@0@Z) referenced in function "public: virtual void __cdecl Nutmeg::RenderOpenGL1::drawBillboard(class Nutmeg::vec3 const &,float,class Nutmeg::vec3)" (?drawBillboard@RenderOpenGL1@Nutmeg@@UEAAXAEBVvec3@2@MV32@@Z) [E:\Nutmeg\Nutmeg\build\Subsystems\Render\NutmegRender.vcxproj]
RenderOpenGL2.obj : error LNK2001: unresolved external symbol "class Nutmeg::vec3 __cdecl Nutmeg::cross(class Nutmeg::vec3 const &,class Nutmeg::vec3 const &)" (?cross@Nutmeg@@YA?AVvec3@1@AEBV21@0@Z) [E:\Nutmeg\Nutmeg\build\Subsystems\Render\NutmegRender.vcxproj]
E:\Nutmeg\Nutmeg\build\Release\NutmegRender.dll : fatal error LNK1120: 1 unresolved externals [E:\Nutmeg\Nutmeg\build\Subsystems\Render\NutmegRender.vcxproj]
ERROR: Build failed.
